


ARM Macro Assembler    Page 1 


    1 00000000                 AREA             RESET, DATA, READONLY
    2 00000000                 EXPORT           __Vectors
    3 00000000         __Vectors
    4 00000000 10001000        DCD              0x10001000
    5 00000004 00000000        DCD              Reset_Handler
    6 00000008                 ALIGN
    7 00000008                 AREA             mycode, CODE, READONLY
    8 00000000         ENTRY
    9 00000000                 EXPORT           Reset_Handler
   10 00000000         Reset_Handler
   11 00000000 4A08            LDR              R2,=NUM1
   12 00000002 4B09            LDR              R3,=NUM2
   13 00000004 6810            LDR              R0,[R2]
   14 00000006 6819            LDR              R1,[R3]
   15 00000008         
   16 00000008         LOOP
   17 00000008 4288            CMP              R0,R1
   18 0000000A D003            BEQ              STORE
   19 0000000C BF54 1A40       SUBPL            R0,R0,R1
   20 00000010 1A09            SUBMI            R1,R1,R0
   21 00000012 E7F9            B                LOOP
   22 00000014         
   23 00000014         STORE
   24 00000014 4D05            LDR              R5,=RESULT
   25 00000016 6028            STR              R0,[R5]
   26 00000018         
   27 00000018         STOP
   28 00000018 E7FE            B                STOP
   29 0000001A         
   30 0000001A 00 00 00000009 
                       NUM1    DCD              9
   31 00000020 0000000F 
                       NUM2    DCD              15
   32 00000024 00000000 
              00000000 
              00000000         AREA             mydata, DATA, READWRITE
   33 00000000 00000000 
                       RESULT  DCD              0
   34 00000004                 END
Command Line: --debug --xref --cpu=Cortex-M3 --apcs=interwork --depend=Project_
7.d -oProject_7.o -IC:\Keil\ARM\RV31\INC -IC:\Keil\ARM\CMSIS\Include -IC:\Keil\
ARM\Inc\NXP\LPC17xx --predefine="__EVAL SETA 1" --list=Project_7.lst Project_7.
asm



ARM Macro Assembler    Page 1 Alphabetic symbol ordering
Relocatable symbols

RESET 00000000

Symbol: RESET
   Definitions
      At line 1 in file Project_7.asm
   Uses
      None
Comment: RESET unused
__Vectors 00000000

Symbol: __Vectors
   Definitions
      At line 3 in file Project_7.asm
   Uses
      At line 2 in file Project_7.asm
Comment: __Vectors used once
2 symbols



ARM Macro Assembler    Page 1 Alphabetic symbol ordering
Relocatable symbols

ENTRY 00000000

Symbol: ENTRY
   Definitions
      At line 8 in file Project_7.asm
   Uses
      None
Comment: ENTRY unused
LOOP 00000008

Symbol: LOOP
   Definitions
      At line 16 in file Project_7.asm
   Uses
      At line 21 in file Project_7.asm
Comment: LOOP used once
NUM1 0000001C

Symbol: NUM1
   Definitions
      At line 30 in file Project_7.asm
   Uses
      At line 11 in file Project_7.asm
Comment: NUM1 used once
NUM2 00000020

Symbol: NUM2
   Definitions
      At line 31 in file Project_7.asm
   Uses
      At line 12 in file Project_7.asm
Comment: NUM2 used once
Reset_Handler 00000000

Symbol: Reset_Handler
   Definitions
      At line 10 in file Project_7.asm
   Uses
      At line 5 in file Project_7.asm
      At line 9 in file Project_7.asm

STOP 00000018

Symbol: STOP
   Definitions
      At line 27 in file Project_7.asm
   Uses
      At line 28 in file Project_7.asm
Comment: STOP used once
STORE 00000014

Symbol: STORE
   Definitions
      At line 23 in file Project_7.asm
   Uses
      At line 18 in file Project_7.asm
Comment: STORE used once
mycode 00000000




ARM Macro Assembler    Page 2 Alphabetic symbol ordering
Relocatable symbols

Symbol: mycode
   Definitions
      At line 7 in file Project_7.asm
   Uses
      None
Comment: mycode unused
8 symbols



ARM Macro Assembler    Page 1 Alphabetic symbol ordering
Relocatable symbols

RESULT 00000000

Symbol: RESULT
   Definitions
      At line 33 in file Project_7.asm
   Uses
      At line 24 in file Project_7.asm
Comment: RESULT used once
mydata 00000000

Symbol: mydata
   Definitions
      At line 32 in file Project_7.asm
   Uses
      None
Comment: mydata unused
2 symbols
345 symbols in table
