ARM Linker, 5.03 [Build 24] [MDK-ARM Lite]

==============================================================================

Section Cross References

    project_3.o(RESET) refers to project_3.o(mycode) for Reset_Handler
    project_3.o(mycode) refers to project_3.o(mydata) for DST


==============================================================================

Image Symbol Table

    Local Symbols

    Symbol Name                              Value     Ov Type        Size  Object(Section)

    RESET                                    0x00000000   Section        8  project_3.o(RESET)
    Project_3.asm                            0x00000000   Number         0  project_3.o ABSOLUTE
    mycode                                   0x00000008   Section      132  project_3.o(mycode)
    SRC                                      0x0000005c   Data          40  project_3.o(mycode)
    mydata                                   0x10000000   Section       32  project_3.o(mydata)
    DST                                      0x10000000   Data          32  project_3.o(mydata)

    Global Symbols

    Symbol Name                              Value     Ov Type        Size  Object(Section)

    BuildAttributes$$THM_ISAv4$P$D$K$B$S$PE$A:L22UL41UL21$X:L11$S22US41US21$IEEE1$IW$USESV6$~STKCKD$USESV7$~SHL$OSPACE$EBA8$STANDARDLIB$PRES8$EABIv2 0x00000000   Number         0  anon$$obj.o ABSOLUTE
    __Vectors                                0x00000000   Data           0  project_3.o(RESET)
    Reset_Handler                            0x00000009   Thumb Code     0  project_3.o(mycode)



==============================================================================

Memory Map of the image

  Image Entry point : 0x00000009

  Load Region LR_1 (Base: 0x00000000, Size: 0x000000ac, Max: 0xffffffff, ABSOLUTE)

    Execution Region ER_RO (Base: 0x00000000, Size: 0x0000008c, Max: 0xffffffff, ABSOLUTE)

    Base Addr    Size         Type   Attr      Idx    E Section Name        Object

    0x00000000   0x00000008   Data   RO            1    RESET               project_3.o
    0x00000008   0x00000084   Code   RO            2  * mycode              project_3.o


    Execution Region ER_RW (Base: 0x10000000, Size: 0x00000020, Max: 0xffffffff, ABSOLUTE)

    Base Addr    Size         Type   Attr      Idx    E Section Name        Object

    0x10000000   0x00000020   Data   RW            3    mydata              project_3.o


    Execution Region ER_ZI (Base: 0x10000020, Size: 0x00000000, Max: 0xffffffff, ABSOLUTE)

    **** No section assigned to this execution region ****


==============================================================================

Image component sizes


      Code (inc. data)   RO Data    RW Data    ZI Data      Debug   Object Name

       132         50          8         32          0        208   project_3.o

    ----------------------------------------------------------------------
       132         50          8         32          0        208   Object Totals
         0          0          0          0          0          0   (incl. Generated)
         0          0          0          0          0          0   (incl. Padding)

    ----------------------------------------------------------------------
         0          0          0          0          0          0   Library Totals
         0          0          0          0          0          0   (incl. Padding)

    ----------------------------------------------------------------------

==============================================================================


      Code (inc. data)   RO Data    RW Data    ZI Data      Debug   

       132         50          8         32          0        208   Grand Totals
       132         50          8         32          0        208   ELF Image Totals
       132         50          8         32          0          0   ROM Totals

==============================================================================

    Total RO  Size (Code + RO Data)                  140 (   0.14kB)
    Total RW  Size (RW Data + ZI Data)                32 (   0.03kB)
    Total ROM Size (Code + RO Data + RW Data)        172 (   0.17kB)

==============================================================================

